C51 COMPILER V9.60.0.0   MAIN                                                              03/29/2023 19:47:31 PAGE 1   


C51 COMPILER V9.60.0.0, COMPILATION OF MODULE MAIN
OBJECT MODULE PLACED IN .\Objects\main.obj
COMPILER INVOKED BY: C:\Keil_v5\C51\BIN\C51.EXE main.c OPTIMIZE(8,SPEED) BROWSE INCDIR(.\others) DEBUG OBJECTEXTEND PRIN
                    -T(.\Listings\main.lst) TABS(2) OBJECT(.\Objects\main.obj)

line level    source

   1          #include <STC15F2K60S2.H>
   2          #include <intrins.h>
   3          
   4          #include "base.h"
   5          #include "key.h"
   6          #include "ultrasonic.h"
   7          #include "uart.h"
   8          
   9          #include "ds1302.h"
  10          #include "iic.h"
  11          #include "onewire.h"
  12          
  13          #include "myint.h"
  14          #include "filter.h"
  15          
  16          #include "test.h"
  17          
  18          int main(void)
  19          {
  20   1        P2 = 0x00;
  21   1        CHANNLE(4, 0xFF);
  22   1        CHANNLE(5, 0x00);
  23   1        CHANNLE(6, 0x00);
  24   1        CHANNLE(7, 0x00);
  25   1        
  26   1        Timer0Init();
  27   1        Timer1Init();
  28   1        TimerPCAInit();
  29   1        UartInit();
  30   1        
  31   1        EA = 1;
  32   1      
  33   1        test(); //模块测试可以使用这个函数，函数里有一个死循环，不会执行后面的while(1)，正常模板没有这句
  34   1        
  35   1        while(1)
  36   1        {
  37   2          ;
  38   2        }
  39   1        
  40   1      //  return 0;
  41   1      }


MODULE INFORMATION:   STATIC OVERLAYABLE
   CODE SIZE        =     55    ----
   CONSTANT SIZE    =   ----    ----
   XDATA SIZE       =   ----    ----
   PDATA SIZE       =   ----    ----
   DATA SIZE        =   ----    ----
   IDATA SIZE       =   ----    ----
   BIT SIZE         =   ----    ----
END OF MODULE INFORMATION.


C51 COMPILATION COMPLETE.  0 WARNING(S),  0 ERROR(S)
